<title>COMP590 PA2 Images</title>
<body>
    <img src="primaries.png"> primaries<p>
    <img src="ramp.png"> ramp<p>
    <img src="rand.png"> rand<p>
    <img src="blend.png"> blend<p>
    <img src="frame.png"> frame<p>
    <img src="bitmap_solid_opaque.png"> bitmap_solid_opaque<p>
    <img src="bitmap_blend_opaque.png"> bitmap_blend_opaque<p>
    <img src="bitmap_solid_alpha.png"> bitmap_solid_alpha<p>
    <img src="bitmap_blend_alpha.png"> bitmap_blend_alpha<p>
    <img src="rect_trans.png"> rect_trans<p>
    <img src="rect_scale.png"> rect_scale<p>
    <img src="bitmap_scale_down.png"> bitmap_scale_down<p>
    <img src="bitmap_mirror.png"> bitmap_mirror<p>
    <img src="bitmap_scale_up.png"> bitmap_scale_up<p>
</body>
